
> novuliservices-next@0.1.0 build
> next build

node.exe : ΓÜá Warning: 
Next.js inferred your 
workspace root, but it 
may not be correct.
At line:1 char:1
+ & "C:\Program 
Files\nodejs/node.exe" "C:
\Users\Hp\AppData\Roaming\
npm ...
+ ~~~~~~~~~~~~~~~~~~~~~~~~
~~~~~~~~~~~~~~~~~~~~~~~~~~
~~~~~~~~~~~~~~~~~~~
    + CategoryInfo        
      : NotSpecified: (Γ  
  Üá Warning: Ne...not    
 be correct.:String) [    
], RemoteException
    + FullyQualifiedError 
   Id : NativeCommandErr  
  or
 
 We detected multiple 
lockfiles and selected 
the directory of C:\Users\
Hp\Desktop\NovuliSurvices\
novuliservices\package-loc
k.json as the root 
directory.
 To silence this warning, 
set `turbopack.root` in 
your Next.js config, or 
consider removing one of 
the lockfiles if it's not 
needed.
   See https://nextjs.org/
docs/app/api-reference/con
fig/next-config-js/turbopa
ck#root-directory for 
more information.
 Detected additional 
lockfiles: 
   * C:\Users\Hp\Desktop\N
ovuliSurvices\novuliservic
es\novuliservices-next\pac
kage-lock.json

Γû▓ Next.js 16.2.4 (Turbopack)

  Creating an optimized production build ...

> Build error occurred
Error: Turbopack build 
failed with 21 errors:
./novuliservices-next/comp
onents/ToolRegistry.js:4:1
9
`ssr: false` is not 
allowed with 
`next/dynamic` in Server 
Components. Please move 
it into a Client 
Component.
  [90m2 |[0m ...
  [90m3 |[0m 
...[36mnst[0m 
[33mToolComponents[0m = 
{
[31m[1m>[0m [90m4 
|[0m 
...[32mto-pdf"[0m: 
dynamic(() => [36mimport
[0m([32m'@/components/too
ls/ImageToPDF'[0m), { 
ssr: [36mfalse[0m }),
  [90m  |[0m            
 [31m[1m^^^^^^^^^^^^^^^^
^^^^^^^^^^^^^^^^^^^^^^^^^^
^^^^^^^^^^^^^^^^^^^^^^^^^^
^^[0m
  [90m5 |[0m 
...[32m-word"[0m: 
dynamic(() => [36mimport
[0m([32m'@/components/too
ls/PDFToWord'[0m), { 
ssr: [36mfalse[0m }),
  [90m6 |[0m 
...[32mo-pdf"[0m: 
dynamic(() => [36mimport
[0m([32m'@/components/too
ls/WordToPDF'[0m), { 
ssr: [36mfalse[0m }),
  [90m7 |[0m ...[32moun
d-remover"[0m: 
dynamic(() => [36mimport
[0m([32m'@/components/too
ls/BackgroundRemover'[0m)
, { ssr: [36mfals.[0m..

Ecmascript file had an 
error

Import trace:
  Server Component:
    ./novuliservices-next/
components/ToolRegistry.js
    ./novuliservices-next/
app/tools/[toolId]/page.js


./novuliservices-next/comp
onents/ToolRegistry.js:5:1
8
`ssr: false` is not 
allowed with 
`next/dynamic` in Server 
Components. Please move 
it into a Client 
Component.
  [90m3 |[0m 
...[36mconst[0m 
[33mToolComponents[0m = 
{
  [90m4 |[0m 
...[32me-to-pdf"[0m: 
dynamic(() => [36mimport
[0m([32m'@/components/too
ls/ImageToPDF'[0m), { 
ssr: [36mfalse[0m }),
[31m[1m>[0m [90m5 
|[0m 
...[32mto-word"[0m: 
dynamic(() => [36mimport
[0m([32m'@/components/too
ls/PDFToWord'[0m), { 
ssr: [36mfalse[0m }),
  [90m  |[0m            
  [31m[1m^^^^^^^^^^^^^^^
^^^^^^^^^^^^^^^^^^^^^^^^^^
^^^^^^^^^^^^^^^^^^^^^^^^^^
^^[0m
  [90m6 |[0m 
...[32m-to-pdf"[0m: 
dynamic(() => [36mimport
[0m([32m'@/components/too
ls/WordToPDF'[0m), { 
ssr: [36mfalse[0m }),
  [90m7 |[0m ...[32mgro
und-remover"[0m: 
dynamic(() => [36mimport
[0m([32m'@/components/too
ls/BackgroundRemover'[0m)
, { ssr: [36mfa...[0m
  [90m8 |[0m ...[32mode
-generator"[0m: 
dynamic(() => [36mimport
[0m([32m'@/components/too
ls/QRCodeGenerator'[0m), 
{ ssr: [36mfalse[0m...

Ecmascript file had an 
error

Import trace:
  Server Component:
    ./novuliservices-next/
components/ToolRegistry.js
    ./novuliservices-next/
app/tools/[toolId]/page.js


./novuliservices-next/comp
onents/ToolRegistry.js:6:1
8
`ssr: false` is not 
allowed with 
`next/dynamic` in Server 
Components. Please move 
it into a Client 
Component.
  [90m4 |[0m 
...[32me-to-pdf"[0m: 
dynamic(() => [36mimport
[0m([32m'@/components/too
ls/ImageToPDF'[0m), { 
ssr: [36mfalse[0m }),
  [90m5 |[0m 
...[32mto-word"[0m: 
dynamic(() => [36mimport
[0m([32m'@/components/too
ls/PDFToWord'[0m), { 
ssr: [36mfalse[0m }),
[31m[1m>[0m [90m6 
|[0m 
...[32m-to-pdf"[0m: 
dynamic(() => [36mimport
[0m([32m'@/components/too
ls/WordToPDF'[0m), { 
ssr: [36mfalse[0m }),
  [90m  |[0m            
  [31m[1m^^^^^^^^^^^^^^^
^^^^^^^^^^^^^^^^^^^^^^^^^^
^^^^^^^^^^^^^^^^^^^^^^^^^^
^^[0m
  [90m7 |[0m ...[32mgro
und-remover"[0m: 
dynamic(() => [36mimport
[0m([32m'@/components/too
ls/BackgroundRemover'[0m)
, { ssr: [36mfa...[0m
  [90m8 |[0m ...[32mode
-generator"[0m: 
dynamic(() => [36mimport
[0m([32m'@/components/too
ls/QRCodeGenerator'[0m), 
{ ssr: [36mfalse[0m...
  [90m9 |[0m 
...[32mme-builder"[0m: 
dynamic(() => [36mimport
[0m([32m'@/components/too
ls/ResumeBuilder'[0m), { 
ssr: [36mfalse[0m }),

Ecmascript file had an 
error

Import trace:
  Server Component:
    ./novuliservices-next/
components/ToolRegistry.js
    ./novuliservices-next/
app/tools/[toolId]/page.js


./novuliservices-next/comp
onents/ToolRegistry.js:7:2
5
`ssr: false` is not 
allowed with 
`next/dynamic` in Server 
Components. Please move 
it into a Client 
Component.
  [90m 5 |[0m 
...namic(() => [36mimport
[0m([32m'@/components/to
ols/PDFToWord'[0m), { 
ssr: [36mfalse[0m }),
  [90m 6 |[0m 
...namic(() => [36mimport
[0m([32m'@/components/to
ols/WordToPDF'[0m), { 
ssr: [36mfalse[0m }),
[31m[1m>[0m [90m 7 
|[0m ...[32mer"[0m: 
dynamic(() => [36mimport
[0m([32m'@/components/too
ls/BackgroundRemover'[0m)
, { ssr: [36mfalse[0m 
}),
  [90m   |[0m         [
31m[1m^^^^^^^^^^^^^^^^^^^
^^^^^^^^^^^^^^^^^^^^^^^^^^
^^^^^^^^^^^^^^^^^^^^^^^^^^
^^^^^^[0m
  [90m 8 |[0m 
...[32mr"[0m: 
dynamic(() => [36mimport
[0m([32m'@/components/too
ls/QRCodeGenerator'[0m), 
{ ssr: [36mfalse[0m }),
  [90m 9 |[0m ... 
dynamic(() => [36mimport
[0m([32m'@/components/too
ls/ResumeBuilder'[0m), { 
ssr: [36mfalse[0m }),
  [90m10 |[0m 
...[32m-tool"[0m: 
dynamic(() => [36mimport
[0m([32m'@/components/too
ls/KeywordResearchTool'[0
m), { ssr: [36mfalse[0m 
}),

Ecmascript file had an 
error

Import trace:
  Server Component:
    ./novuliservices-next/
components/ToolRegistry.js
    ./novuliservices-next/
app/tools/[toolId]/page.js


./novuliservices-next/comp
onents/ToolRegistry.js:8:2
4
`ssr: false` is not 
allowed with 
`next/dynamic` in Server 
Components. Please move 
it into a Client 
Component.
  [90m 6 |[0m 
...dynamic(() => [36mimpo
rt[0m([32m'@/components/
tools/WordToPDF'[0m), { 
ssr: [36mfalse[0m }),
  [90m 7 |[0m 
...[32mover"[0m: 
dynamic(() => [36mimport
[0m([32m'@/components/too
ls/BackgroundRemover'[0m)
, { ssr: [36mfalse[0m 
}),
[31m[1m>[0m [90m 8 
|[0m ...[32mtor"[0m: 
dynamic(() => [36mimport
[0m([32m'@/components/too
ls/QRCodeGenerator'[0m), 
{ ssr: [36mfalse[0m }),
  [90m   |[0m          
[31m[1m^^^^^^^^^^^^^^^^^^
^^^^^^^^^^^^^^^^^^^^^^^^^^
^^^^^^^^^^^^^^^^^^^^^^^^^^
^^^^^[0m
  [90m 9 |[0m 
...[32m"[0m: dynamic(() 
=> [36mimport[0m([32m'@
/components/tools/ResumeBu
ilder'[0m), { ssr: 
[36mfalse[0m }),
  [90m10 |[0m 
...[32mch-tool"[0m: 
dynamic(() => [36mimport
[0m([32m'@/components/too
ls/KeywordResearchTool'[0
m), { ssr: [36mfalse[0m 
}),
  [90m11 |[0m 
...[32mer"[0m: 
dynamic(() => [36mimport
[0m([32m'@/components/too
ls/BacklinkChecker'[0m), 
{ ssr: [36mfalse[0m }),

Ecmascript file had an 
error

Import trace:
  Server Component:
    ./novuliservices-next/
components/ToolRegistry.js
    ./novuliservices-next/
app/tools/[toolId]/page.js


./novuliservices-next/comp
onents/ToolRegistry.js:9:2
1
`ssr: false` is not 
allowed with 
`next/dynamic` in Server 
Components. Please move 
it into a Client 
Component.
  [90m 7 |[0m 
...[32m-remover"[0m: 
dynamic(() => [36mimport
[0m([32m'@/components/too
ls/BackgroundRemover'[0m)
, { ssr: [36mfalse[0m 
}),
  [90m 8 |[0m 
...[32mnerator"[0m: 
dynamic(() => [36mimport
[0m([32m'@/components/too
ls/QRCodeGenerator'[0m), 
{ ssr: [36mfalse[0m }),
[31m[1m>[0m [90m 9 
|[0m ...[32mlder"[0m: 
dynamic(() => [36mimport
[0m([32m'@/components/too
ls/ResumeBuilder'[0m), { 
ssr: [36mfalse[0m }),
  [90m   |[0m           
[31m[1m^^^^^^^^^^^^^^^^^
^^^^^^^^^^^^^^^^^^^^^^^^^^
^^^^^^^^^^^^^^^^^^^^^^^^^^
^^^^[0m
  [90m10 |[0m 
...[32msearch-tool"[0m: 
dynamic(() => [36mimport
[0m([32m'@/components/too
ls/KeywordResearchTool'[0
m), { ssr: [36mfa...[0m
  [90m11 |[0m 
...[32mhecker"[0m: 
dynamic(() => [36mimport
[0m([32m'@/components/too
ls/BacklinkChecker'[0m), 
{ ssr: [36mfalse[0m }),
  [90m12 |[0m 
...[32meed-checker"[0m: 
dynamic(() => [36mimport
[0m([32m'@/components/too
ls/WebsiteSpeedChecker'[0
m), { ssr: [36mfa...[0m

Ecmascript file had an 
error

Import trace:
  Server Component:
    ./novuliservices-next/
components/ToolRegistry.js
    ./novuliservices-next/
app/tools/[toolId]/page.js


./novuliservices-next/comp
onents/ToolRegistry.js:10:
28
`ssr: false` is not 
allowed with 
`next/dynamic` in Server 
Components. Please move 
it into a Client 
Component.
  [90m 8 |[0m 
...dynamic(() => [36mimpo
rt[0m([32m'@/components/
tools/QRCodeGenerator'[0m
), { ssr: [36mfalse[0m 
}),
  [90m 9 |[0m 
...amic(() => [36mimport
[0m([32m'@/components/too
ls/ResumeBuilder'[0m), { 
ssr: [36mfalse[0m }),
[31m[1m>[0m [90m10 
|[0m ...[32ml"[0m: 
dynamic(() => [36mimport
[0m([32m'@/components/too
ls/KeywordResearchTool'[0
m), { ssr: [36mfalse[0m 
}),
  [90m   |[0m        [3
1m[1m^^^^^^^^^^^^^^^^^^^^
^^^^^^^^^^^^^^^^^^^^^^^^^^
^^^^^^^^^^^^^^^^^^^^^^^^^^
^^^^^^^[0m
  [90m11 |[0m 
...ynamic(() => [36mimpor
t[0m([32m'@/components/t
ools/BacklinkChecker'[0m)
, { ssr: [36mfalse[0m 
}),
  [90m12 |[0m 
...[32mr"[0m: 
dynamic(() => [36mimport
[0m([32m'@/components/too
ls/WebsiteSpeedChecker'[0
m), { ssr: [36mfalse[0m 
}),
  [90m13 |[0m 
...ynamic(() => [36mimpor
t[0m([32m'@/components/t
ools/AIWritingTools'[0m),
 { ssr: [36mfalse[0m }),

Ecmascript file had an 
error

Import trace:
  Server Component:
    ./novuliservices-next/
components/ToolRegistry.js
    ./novuliservices-next/
app/tools/[toolId]/page.js


./novuliservices-next/comp
onents/ToolRegistry.js:11:
23
`ssr: false` is not 
allowed with 
`next/dynamic` in Server 
Components. Please move 
it into a Client 
Component.
  [90m 9 |[0m 
...[32mr"[0m: 
dynamic(() => [36mimport
[0m([32m'@/components/too
ls/ResumeBuilder'[0m), { 
ssr: [36mfalse[0m }),
  [90m10 |[0m 
...[32mrch-tool"[0m: 
dynamic(() => [36mimport
[0m([32m'@/components/too
ls/KeywordResearchTool'[0
m), { ssr: 
[36mfalse[0m...
[31m[1m>[0m [90m11 
|[0m ...[32mker"[0m: 
dynamic(() => [36mimport
[0m([32m'@/components/too
ls/BacklinkChecker'[0m), 
{ ssr: [36mfalse[0m }),
  [90m   |[0m          
[31m[1m^^^^^^^^^^^^^^^^^^
^^^^^^^^^^^^^^^^^^^^^^^^^^
^^^^^^^^^^^^^^^^^^^^^^^^^^
^^^^^[0m
  [90m12 |[0m 
...[32m-checker"[0m: 
dynamic(() => [36mimport
[0m([32m'@/components/too
ls/WebsiteSpeedChecker'[0
m), { ssr: 
[36mfalse[0m...
  [90m13 |[0m 
...[32mols"[0m: 
dynamic(() => [36mimport
[0m([32m'@/components/too
ls/AIWritingTools'[0m), 
{ ssr: [36mfalse[0m }),
  [90m14 |[0m 
...[32mrator"[0m: 
dynamic(() => [36mimport
[0m([32m'@/components/too
ls/MetaTagGenerator'[0m),
 { ssr: [36mfalse[0m }),

Ecmascript file had an 
error

Import trace:
  Server Component:
    ./novuliservices-next/
components/ToolRegistry.js
    ./novuliservices-next/
app/tools/[toolId]/page.js


./novuliservices-next/comp
onents/ToolRegistry.js:12:
28
`ssr: false` is not 
allowed with 
`next/dynamic` in Server 
Components. Please move 
it into a Client 
Component.
  [90m10 |[0m 
...[32ml"[0m: 
dynamic(() => [36mimport
[0m([32m'@/components/too
ls/KeywordResearchTool'[0
m), { ssr: [36mfalse[0m 
}),
  [90m11 |[0m 
...ynamic(() => [36mimpor
t[0m([32m'@/components/t
ools/BacklinkChecker'[0m)
, { ssr: [36mfalse[0m 
}),
[31m[1m>[0m [90m12 
|[0m ...[32mr"[0m: 
dynamic(() => [36mimport
[0m([32m'@/components/too
ls/WebsiteSpeedChecker'[0
m), { ssr: [36mfalse[0m 
}),
  [90m   |[0m        [3
1m[1m^^^^^^^^^^^^^^^^^^^^
^^^^^^^^^^^^^^^^^^^^^^^^^^
^^^^^^^^^^^^^^^^^^^^^^^^^^
^^^^^^^[0m
  [90m13 |[0m 
...ynamic(() => [36mimpor
t[0m([32m'@/components/t
ools/AIWritingTools'[0m),
 { ssr: [36mfalse[0m }),
  [90m14 |[0m ... 
dynamic(() => [36mimport
[0m([32m'@/components/too
ls/MetaTagGenerator'[0m),
 { ssr: [36mfalse[0m }),
  [90m15 |[0m 
...[32mder"[0m: 
dynamic(() => [36mimport
[0m([32m'@/components/too
ls/EmailSignatureBuilder'
[0m), { ssr: 
[36mfalse[0m }),

Ecmascript file had an 
error

Import trace:
  Server Component:
    ./novuliservices-next/
components/ToolRegistry.js
    ./novuliservices-next/
app/tools/[toolId]/page.js


./novuliservices-next/comp
onents/ToolRegistry.js:13:
23
`ssr: false` is not 
allowed with 
`next/dynamic` in Server 
Components. Please move 
it into a Client 
Component.
  [90m11 |[0m 
...[32mker"[0m: 
dynamic(() => [36mimport
[0m([32m'@/components/too
ls/BacklinkChecker'[0m), 
{ ssr: [36mfalse[0m }),
  [90m12 |[0m 
...[32m-checker"[0m: 
dynamic(() => [36mimport
[0m([32m'@/components/too
ls/WebsiteSpeedChecker'[0
m), { ssr: 
[36mfalse[0m...
[31m[1m>[0m [90m13 
|[0m ...[32mols"[0m: 
dynamic(() => [36mimport
[0m([32m'@/components/too
ls/AIWritingTools'[0m), 
{ ssr: [36mfalse[0m }),
  [90m   |[0m          
[31m[1m^^^^^^^^^^^^^^^^^^
^^^^^^^^^^^^^^^^^^^^^^^^^^
^^^^^^^^^^^^^^^^^^^^^^^^^^
^^^^[0m
  [90m14 |[0m 
...[32mrator"[0m: 
dynamic(() => [36mimport
[0m([32m'@/components/too
ls/MetaTagGenerator'[0m),
 { ssr: [36mfalse[0m }),
  [90m15 |[0m 
...[32mre-builder"[0m: 
dynamic(() => [36mimport
[0m([32m'@/components/too
ls/EmailSignatureBuilder'
[0m), { ssr: [36mf...[0m
  [90m16 |[0m 
...[32mator"[0m: 
dynamic(() => [36mimport
[0m([32m'@/components/too
ls/InvoiceGenerator'[0m),
 { ssr: [36mfalse[0m }),

Ecmascript file had an 
error

Import trace:
  Server Component:
    ./novuliservices-next/
components/ToolRegistry.js
    ./novuliservices-next/
app/tools/[toolId]/page.js


./novuliservices-next/comp
onents/ToolRegistry.js:14:
25
`ssr: false` is not 
allowed with 
`next/dynamic` in Server 
Components. Please move 
it into a Client 
Component.
  [90m12 |[0m 
...[32mecker"[0m: 
dynamic(() => [36mimport
[0m([32m'@/components/too
ls/WebsiteSpeedChecker'[0
m), { ssr: [36mfalse[0m 
}),
  [90m13 |[0m 
...[32m"[0m: dynamic(() 
=> [36mimport[0m([32m'@
/components/tools/AIWritin
gTools'[0m), { ssr: 
[36mfalse[0m }),
[31m[1m>[0m [90m14 
|[0m ...[32mor"[0m: 
dynamic(() => [36mimport
[0m([32m'@/components/too
ls/MetaTagGenerator'[0m),
 { ssr: [36mfalse[0m }),
  [90m   |[0m         [
31m[1m^^^^^^^^^^^^^^^^^^^
^^^^^^^^^^^^^^^^^^^^^^^^^^
^^^^^^^^^^^^^^^^^^^^^^^^^^
^^^^^[0m
  [90m15 |[0m 
...[32mbuilder"[0m: 
dynamic(() => [36mimport
[0m([32m'@/components/too
ls/EmailSignatureBuilder'
[0m), { ssr: 
[36mfals.[0m..
  [90m16 |[0m 
...[32mr"[0m: 
dynamic(() => [36mimport
[0m([32m'@/components/too
ls/InvoiceGenerator'[0m),
 { ssr: [36mfalse[0m }),
  [90m17 |[0m 
...ynamic(() => [36mimpor
t[0m([32m'@/components/t
ools/FormBuilder'[0m), { 
ssr: [36mfalse[0m }),

Ecmascript file had an 
error

Import trace:
  Server Component:
    ./novuliservices-next/
components/ToolRegistry.js
    ./novuliservices-next/
app/tools/[toolId]/page.js


./novuliservices-next/comp
onents/ToolRegistry.js:15:
30
`ssr: false` is not 
allowed with 
`next/dynamic` in Server 
Components. Please move 
it into a Client 
Component.
  [90m13 |[0m ...mic(() 
=> [36mimport[0m([32m'@
/components/tools/AIWritin
gTools'[0m), { ssr: 
[36mfalse[0m }),
  [90m14 |[0m 
...namic(() => [36mimport
[0m([32m'@/components/to
ols/MetaTagGenerator'[0m)
, { ssr: [36mfalse[0m 
}),
[31m[1m>[0m [90m15 
|[0m ...[32m"[0m: 
dynamic(() => [36mimport
[0m([32m'@/components/too
ls/EmailSignatureBuilder'
[0m), { ssr: 
[36mfalse[0m }),
  [90m   |[0m       [31
m[1m^^^^^^^^^^^^^^^^^^^^^
^^^^^^^^^^^^^^^^^^^^^^^^^^
^^^^^^^^^^^^^^^^^^^^^^^^^^
^^^^^^^^[0m
  [90m16 |[0m 
...amic(() => [36mimport
[0m([32m'@/components/too
ls/InvoiceGenerator'[0m),
 { ssr: [36mfalse[0m }),
  [90m17 |[0m ...() => 
[36mimport[0m([32m'@/com
ponents/tools/FormBuilder'
[0m), { ssr: 
[36mfalse[0m }),
  [90m18 |[0m ...mic(() 
=> [36mimport[0m([32m'@
/components/tools/ImageCom
pressor'[0m), { ssr: 
[36mfalse[0m }),

Ecmascript file had an 
error

Import trace:
  Server Component:
    ./novuliservices-next/
components/ToolRegistry.js
    ./novuliservices-next/
app/tools/[toolId]/page.js


./novuliservices-next/comp
onents/ToolRegistry.js:16:
24
`ssr: false` is not 
allowed with 
`next/dynamic` in Server 
Components. Please move 
it into a Client 
Component.
  [90m14 |[0m 
...[32mtor"[0m: 
dynamic(() => [36mimport
[0m([32m'@/components/too
ls/MetaTagGenerator'[0m),
 { ssr: [36mfalse[0m }),
  [90m15 |[0m 
...[32m-builder"[0m: 
dynamic(() => [36mimport
[0m([32m'@/components/too
ls/EmailSignatureBuilder'
[0m), { ssr: 
[36mfal..[0m.
[31m[1m>[0m [90m16 
|[0m ...[32mor"[0m: 
dynamic(() => [36mimport
[0m([32m'@/components/too
ls/InvoiceGenerator'[0m),
 { ssr: [36mfalse[0m }),
  [90m   |[0m         [
31m[1m^^^^^^^^^^^^^^^^^^^
^^^^^^^^^^^^^^^^^^^^^^^^^^
^^^^^^^^^^^^^^^^^^^^^^^^^^
^^^^^[0m
  [90m17 |[0m 
...dynamic(() => [36mimpo
rt[0m([32m'@/components/
tools/FormBuilder'[0m), 
{ ssr: [36mfalse[0m }),
  [90m18 |[0m 
...[32mr"[0m: 
dynamic(() => [36mimport
[0m([32m'@/components/too
ls/ImageCompressor'[0m), 
{ ssr: [36mfalse[0m }),
  [90m19 |[0m 
...dynamic(() => [36mimpo
rt[0m([32m'@/components/
tools/WordCounter'[0m), 
{ ssr: [36mfalse[0m }),

Ecmascript file had an 
error

Import trace:
  Server Component:
    ./novuliservices-next/
components/ToolRegistry.js
    ./novuliservices-next/
app/tools/[toolId]/page.js


./novuliservices-next/comp
onents/ToolRegistry.js:17:
19
`ssr: false` is not 
allowed with 
`next/dynamic` in Server 
Components. Please move 
it into a Client 
Component.
  [90m15 |[0m ...[32mig
nature-builder"[0m: 
dynamic(() => [36mimport
[0m([32m'@/components/too
ls/EmailSignatureBuilder'
[0m), { ...
  [90m16 |[0m 
...[32m-generator"[0m: 
dynamic(() => [36mimport
[0m([32m'@/components/too
ls/InvoiceGenerator'[0m),
 { ssr: [36mfalse[0m }),
[31m[1m>[0m [90m17 
|[0m ...[32milder"[0m: 
dynamic(() => [36mimport
[0m([32m'@/components/too
ls/FormBuilder'[0m), { 
ssr: [36mfalse[0m }),
  [90m   |[0m           
 [31m[1m^^^^^^^^^^^^^^^^
^^^^^^^^^^^^^^^^^^^^^^^^^^
^^^^^^^^^^^^^^^^^^^^^^^^^^
^^^[0m
  [90m18 |[0m 
...[32mompressor"[0m: 
dynamic(() => [36mimport
[0m([32m'@/components/too
ls/ImageCompressor'[0m), 
{ ssr: [36mfalse[0m }),
  [90m19 |[0m 
...[32munter"[0m: 
dynamic(() => [36mimport
[0m([32m'@/components/too
ls/WordCounter'[0m), { 
ssr: [36mfalse[0m }),
  [90m20 |[0m 
...[32malyzer"[0m: 
dynamic(() => [36mimport
[0m([32m'@/components/too
ls/TextAnalyzer'[0m), { 
ssr: [36mfalse[0m }),

Ecmascript file had an 
error

Import trace:
  Server Component:
    ./novuliservices-next/
components/ToolRegistry.js
    ./novuliservices-next/
app/tools/[toolId]/page.js


./novuliservices-next/comp
onents/ToolRegistry.js:18:
23
`ssr: false` is not 
allowed with 
`next/dynamic` in Server 
Components. Please move 
it into a Client 
Component.
  [90m16 |[0m 
...[32mator"[0m: 
dynamic(() => [36mimport
[0m([32m'@/components/too
ls/InvoiceGenerator'[0m),
 { ssr: [36mfalse[0m }),
  [90m17 |[0m ...: 
dynamic(() => [36mimport
[0m([32m'@/components/too
ls/FormBuilder'[0m), { 
ssr: [36mfalse[0m }),
[31m[1m>[0m [90m18 
|[0m ...[32msor"[0m: 
dynamic(() => [36mimport
[0m([32m'@/components/too
ls/ImageCompressor'[0m), 
{ ssr: [36mfalse[0m }),
  [90m   |[0m          
[31m[1m^^^^^^^^^^^^^^^^^^
^^^^^^^^^^^^^^^^^^^^^^^^^^
^^^^^^^^^^^^^^^^^^^^^^^^^^
^^^^^[0m
  [90m19 |[0m ...: 
dynamic(() => [36mimport
[0m([32m'@/components/too
ls/WordCounter'[0m), { 
ssr: [36mfalse[0m }),
  [90m20 |[0m 
...[32m"[0m: dynamic(() 
=> [36mimport[0m([32m'@
/components/tools/TextAnal
yzer'[0m), { ssr: 
[36mfalse[0m }),
  [90m21 |[0m 
...dynamic(() => [36mimpo
rt[0m([32m'@/components/
tools/PDFMerger'[0m), { 
ssr: [36mfalse[0m }),

Ecmascript file had an 
error

Import trace:
  Server Component:
    ./novuliservices-next/
components/ToolRegistry.js
    ./novuliservices-next/
app/tools/[toolId]/page.js


./novuliservices-next/comp
onents/ToolRegistry.js:19:
19
`ssr: false` is not 
allowed with 
`next/dynamic` in Server 
Components. Please move 
it into a Client 
Component.
  [90m17 |[0m 
...[32milder"[0m: 
dynamic(() => [36mimport
[0m([32m'@/components/too
ls/FormBuilder'[0m), { 
ssr: [36mfalse[0m }),
  [90m18 |[0m 
...[32mompressor"[0m: 
dynamic(() => [36mimport
[0m([32m'@/components/too
ls/ImageCompressor'[0m), 
{ ssr: [36mfalse[0m }),
[31m[1m>[0m [90m19 
|[0m ...[32munter"[0m: 
dynamic(() => [36mimport
[0m([32m'@/components/too
ls/WordCounter'[0m), { 
ssr: [36mfalse[0m }),
  [90m   |[0m           
 [31m[1m^^^^^^^^^^^^^^^^
^^^^^^^^^^^^^^^^^^^^^^^^^^
^^^^^^^^^^^^^^^^^^^^^^^^^^
^^^[0m
  [90m20 |[0m 
...[32malyzer"[0m: 
dynamic(() => [36mimport
[0m([32m'@/components/too
ls/TextAnalyzer'[0m), { 
ssr: [36mfalse[0m }),
  [90m21 |[0m 
...[32mger"[0m: 
dynamic(() => [36mimport
[0m([32m'@/components/too
ls/PDFMerger'[0m), { 
ssr: [36mfalse[0m }),
  [90m22 |[0m 
...[32m-rewriter"[0m: 
dynamic(() => [36mimport
[0m([32m'@/components/too
ls/AITextRewriter'[0m), 
{ ssr: [36mfalse[0m }),

Ecmascript file had an 
error

Import trace:
  Server Component:
    ./novuliservices-next/
components/ToolRegistry.js
    ./novuliservices-next/
app/tools/[toolId]/page.js


./novuliservices-next/comp
onents/ToolRegistry.js:20:
20
`ssr: false` is not 
allowed with 
`next/dynamic` in Server 
Components. Please move 
it into a Client 
Component.
  [90m18 |[0m 
...[32mpressor"[0m: 
dynamic(() => [36mimport
[0m([32m'@/components/too
ls/ImageCompressor'[0m), 
{ ssr: [36mfalse[0m }),
  [90m19 |[0m 
...[32mter"[0m: 
dynamic(() => [36mimport
[0m([32m'@/components/too
ls/WordCounter'[0m), { 
ssr: [36mfalse[0m }),
[31m[1m>[0m [90m20 
|[0m ...[32myzer"[0m: 
dynamic(() => [36mimport
[0m([32m'@/components/too
ls/TextAnalyzer'[0m), { 
ssr: [36mfalse[0m }),
  [90m   |[0m           
[31m[1m^^^^^^^^^^^^^^^^^
^^^^^^^^^^^^^^^^^^^^^^^^^^
^^^^^^^^^^^^^^^^^^^^^^^^^^
^^^[0m
  [90m21 |[0m 
...[32mr"[0m: 
dynamic(() => [36mimport
[0m([32m'@/components/too
ls/PDFMerger'[0m), { 
ssr: [36mfalse[0m }),
  [90m22 |[0m 
...[32mewriter"[0m: 
dynamic(() => [36mimport
[0m([32m'@/components/too
ls/AITextRewriter'[0m), 
{ ssr: [36mfalse[0m }),
  [90m23 |[0m 
...[32mzer"[0m: 
dynamic(() => [36mimport
[0m([32m'@/components/too
ls/SEOAnalyzer'[0m), { 
ssr: [36mfalse[0m }),

Ecmascript file had an 
error

Import trace:
  Server Component:
    ./novuliservices-next/
components/ToolRegistry.js
    ./novuliservices-next/
app/tools/[toolId]/page.js


./novuliservices-next/comp
onents/ToolRegistry.js:21:
17
`ssr: false` is not 
allowed with 
`next/dynamic` in Server 
Components. Please move 
it into a Client 
Component.
  [90m19 |[0m 
...[32m-counter"[0m: 
dynamic(() => [36mimport
[0m([32m'@/components/too
ls/WordCounter'[0m), { 
ssr: [36mfalse[0m }),
  [90m20 |[0m 
...[32m-analyzer"[0m: 
dynamic(() => [36mimport
[0m([32m'@/components/too
ls/TextAnalyzer'[0m), { 
ssr: [36mfalse[0m }),
[31m[1m>[0m [90m21 
|[0m 
...[32mmerger"[0m: 
dynamic(() => [36mimport
[0m([32m'@/components/too
ls/PDFMerger'[0m), { 
ssr: [36mfalse[0m }),
  [90m   |[0m           
  [31m[1m^^^^^^^^^^^^^^^
^^^^^^^^^^^^^^^^^^^^^^^^^^
^^^^^^^^^^^^^^^^^^^^^^^^^^
^^[0m
  [90m22 |[0m ...[32mex
t-rewriter"[0m: 
dynamic(() => [36mimport
[0m([32m'@/components/too
ls/AITextRewriter'[0m), 
{ ssr: [36mfalse[0m }),
  [90m23 |[0m 
...[32manalyzer"[0m: 
dynamic(() => [36mimport
[0m([32m'@/components/too
ls/SEOAnalyzer'[0m), { 
ssr: [36mfalse[0m }),
  [90m24 |[0m ...

Ecmascript file had an 
error

Import trace:
  Server Component:
    ./novuliservices-next/
components/ToolRegistry.js
    ./novuliservices-next/
app/tools/[toolId]/page.js


./novuliservices-next/comp
onents/ToolRegistry.js:22:
23
`ssr: false` is not 
allowed with 
`next/dynamic` in Server 
Components. Please move 
it into a Client 
Component.
  [90m20 |[0m 
...[32m"[0m: dynamic(() 
=> [36mimport[0m([32m'@
/components/tools/TextAnal
yzer'[0m), { ssr: 
[36mfalse[0m }),
  [90m21 |[0m 
...dynamic(() => [36mimpo
rt[0m([32m'@/components/
tools/PDFMerger'[0m), { 
ssr: [36mfalse[0m }),
[31m[1m>[0m [90m22 
|[0m ...[32mter"[0m: 
dynamic(() => [36mimport
[0m([32m'@/components/too
ls/AITextRewriter'[0m), 
{ ssr: [36mfalse[0m }),
  [90m   |[0m          
[31m[1m^^^^^^^^^^^^^^^^^^
^^^^^^^^^^^^^^^^^^^^^^^^^^
^^^^^^^^^^^^^^^^^^^^^^^^^^
^^^^[0m
  [90m23 |[0m ...: 
dynamic(() => [36mimport
[0m([32m'@/components/too
ls/SEOAnalyzer'[0m), { 
ssr: [36mfalse[0m }),
  [90m24 |[0m ...
  [90m25 |[0m ...

Ecmascript file had an 
error

Import trace:
  Server Component:
    ./novuliservices-next/
components/ToolRegistry.js
    ./novuliservices-next/
app/tools/[toolId]/page.js


./novuliservices-next/comp
onents/ToolRegistry.js:23:
19
`ssr: false` is not 
allowed with 
`next/dynamic` in Server 
Components. Please move 
it into a Client 
Component.
  [90m21 |[0m 
...[32mger"[0m: 
dynamic(() => [36mimport
[0m([32m'@/components/too
ls/PDFMerger'[0m), { 
ssr: [36mfalse[0m }),
  [90m22 |[0m 
...[32m-rewriter"[0m: 
dynamic(() => [36mimport
[0m([32m'@/components/too
ls/AITextRewriter'[0m), 
{ ssr: [36mfalse[0m }),
[31m[1m>[0m [90m23 
|[0m ...[32mlyzer"[0m: 
dynamic(() => [36mimport
[0m([32m'@/components/too
ls/SEOAnalyzer'[0m), { 
ssr: [36mfalse[0m }),
  [90m   |[0m           
 [31m[1m^^^^^^^^^^^^^^^^
^^^^^^^^^^^^^^^^^^^^^^^^^^
^^^^^^^^^^^^^^^^^^^^^^^^^^
^^^[0m
  [90m24 |[0m ...
  [90m25 |[0m ...

Ecmascript file had an 
error

Import trace:
  Server Component:
    ./novuliservices-next/
components/ToolRegistry.js
    ./novuliservices-next/
app/tools/[toolId]/page.js


./novuliservices-next/app/
blog/[slug]/page.js:1:1
Export getPostBySlug 
doesn't exist in target 
module
[31m[1m>[0m [90m1 
|[0m [36mimport[0m { 
blogPosts, getPostBySlug 
} [36mfrom[0m 
[32m'@/data/blog'[0m;
  [90m  |[0m [31m[1m^^
^^^^^^^^^^^^^^^^^^^^^^^^^^
^^^^^^^^^^^^^^^^^^^^^^^^^^
^[0m
  [90m2 |[0m 
[36mimport[0m { 
notFound } [36mfrom[0m 
[32m'next/navigation'[0m;
  [90m3 |[0m 
[36mimport[0m 
[33mLink[0m 
[36mfrom[0m 
[32m'next/link'[0m;
  [90m4 |[0m 
[36mimport[0m { 
[33mFiArrowLeft[0m, 
[33mFiCalendar[0m, 
[33mFiClock[0m, 
[33mFiShare2[0m } 
[36mfrom[0m 
[32m'react-icons/fi'[0m;

The export getPostBySlug 
was not found in module [p
roject]/novuliservices-nex
t/data/blog.js [app-rsc] 
(ecmascript).
Did you mean to import 
blogPosts?
All exports of the module 
are statically known (It 
doesn't have dynamic 
exports). So it's known 
statically that the 
requested export doesn't 
exist.


    at <unknown> (./novuli
services-next/components/T
oolRegistry.js:4:19)
    at <unknown> (./novuli
services-next/components/T
oolRegistry.js:5:18)
    at <unknown> (./novuli
services-next/components/T
oolRegistry.js:6:18)
    at <unknown> (./novuli
services-next/components/T
oolRegistry.js:7:25)
    at <unknown> (./novuli
services-next/components/T
oolRegistry.js:8:24)
    at <unknown> (./novuli
services-next/components/T
oolRegistry.js:9:21)
    at <unknown> (./novuli
services-next/components/T
oolRegistry.js:10:28)
    at <unknown> (./novuli
services-next/components/T
oolRegistry.js:11:23)
    at <unknown> (./novuli
services-next/components/T
oolRegistry.js:12:28)
    at <unknown> (./novuli
services-next/components/T
oolRegistry.js:13:23)
    at <unknown> (./novuli
services-next/components/T
oolRegistry.js:14:25)
    at <unknown> (./novuli
services-next/components/T
oolRegistry.js:15:30)
    at <unknown> (./novuli
services-next/components/T
oolRegistry.js:16:24)
    at <unknown> (./novuli
services-next/components/T
oolRegistry.js:17:19)
    at <unknown> (./novuli
services-next/components/T
oolRegistry.js:18:23)
    at <unknown> (./novuli
services-next/components/T
oolRegistry.js:19:19)
    at <unknown> (./novuli
services-next/components/T
oolRegistry.js:20:20)
    at <unknown> (./novuli
services-next/components/T
oolRegistry.js:21:17)
    at <unknown> (./novuli
services-next/components/T
oolRegistry.js:22:23)
    at <unknown> (./novuli
services-next/components/T
oolRegistry.js:23:19)
    at <unknown> (./novuli
services-next/app/blog/[sl
ug]/page.js:1:1)
